"","Var1","Var2","value","L1"
"2","F3D1","F3D0",0.396663554725705,"Pre"
"3","F3D2","F3D0",0.407421995874162,"Pre"
"4","F3D3","F3D0",0.51575415650131,"Pre"
"5","F3D5","F3D0",0.398017606566058,"Pre"
"6","F3D6","F3D0",0.394179631341138,"Pre"
"7","F3D7","F3D0",0.460331311769991,"Pre"
"8","F3D8","F3D0",0.453553230702515,"Pre"
"9","F3D9","F3D0",0.431023526824977,"Pre"
"12","F3D2","F3D1",0.318220048640098,"Pre"
"13","F3D3","F3D1",0.537575864632846,"Pre"
"14","F3D5","F3D1",0.339991432187053,"Pre"
"15","F3D6","F3D1",0.424724199746892,"Pre"
"16","F3D7","F3D1",0.529280135080046,"Pre"
"17","F3D8","F3D1",0.395567371497582,"Pre"
"18","F3D9","F3D1",0.396965546719817,"Pre"
"22","F3D3","F3D2",0.326421869551361,"Pre"
"23","F3D5","F3D2",0.313444284186349,"Pre"
"24","F3D6","F3D2",0.309762079002088,"Pre"
"25","F3D7","F3D2",0.381966000758999,"Pre"
"26","F3D8","F3D2",0.343470278295768,"Pre"
"27","F3D9","F3D2",0.327862606326739,"Pre"
"32","F3D5","F3D3",0.393068954759131,"Pre"
"33","F3D6","F3D3",0.310195097457424,"Pre"
"34","F3D7","F3D3",0.259520271894516,"Pre"
"35","F3D8","F3D3",0.364030064925838,"Pre"
"36","F3D9","F3D3",0.36865399832586,"Pre"
"42","F3D6","F3D5",0.313094089774816,"Pre"
"43","F3D7","F3D5",0.372401994052525,"Pre"
"44","F3D8","F3D5",0.315784174125538,"Pre"
"45","F3D9","F3D5",0.290330377657296,"Pre"
"52","F3D7","F3D6",0.249454301070804,"Pre"
"53","F3D8","F3D6",0.302616496706334,"Pre"
"54","F3D9","F3D6",0.279572422807368,"Pre"
"62","F3D8","F3D7",0.305276422536155,"Pre"
"63","F3D9","F3D7",0.313619979280606,"Pre"
"72","F3D9","F3D8",0.15993496374034,"Pre"
"83","F3D142","F3D141",0.297779598224657,"Post"
"84","F3D143","F3D141",0.185701640437297,"Post"
"85","F3D144","F3D141",0.253435698421265,"Post"
"86","F3D145","F3D141",0.256661521522544,"Post"
"87","F3D146","F3D141",0.228819181818723,"Post"
"88","F3D147","F3D141",0.246487119923588,"Post"
"89","F3D148","F3D141",0.17122974808395,"Post"
"90","F3D149","F3D141",0.152039610601274,"Post"
"91","F3D150","F3D141",0.227739992002194,"Post"
"94","F3D143","F3D142",0.254798492656986,"Post"
"95","F3D144","F3D142",0.290881199701457,"Post"
"96","F3D145","F3D142",0.234427162088269,"Post"
"97","F3D146","F3D142",0.339096720045249,"Post"
"98","F3D147","F3D142",0.240076634778569,"Post"
"99","F3D148","F3D142",0.245847402936935,"Post"
"100","F3D149","F3D142",0.313932631740667,"Post"
"101","F3D150","F3D142",0.358219063272371,"Post"
"105","F3D144","F3D143",0.228640283439204,"Post"
"106","F3D145","F3D143",0.221552763332718,"Post"
"107","F3D146","F3D143",0.249640422153731,"Post"
"108","F3D147","F3D143",0.218571639622291,"Post"
"109","F3D148","F3D143",0.192673726467331,"Post"
"110","F3D149","F3D143",0.205719461697722,"Post"
"111","F3D150","F3D143",0.232645400400448,"Post"
"116","F3D145","F3D144",0.156196258260399,"Post"
"117","F3D146","F3D144",0.291444254341146,"Post"
"118","F3D147","F3D144",0.176658807190374,"Post"
"119","F3D148","F3D144",0.219707839663822,"Post"
"120","F3D149","F3D144",0.289516794009497,"Post"
"121","F3D150","F3D144",0.308742806740242,"Post"
"127","F3D146","F3D145",0.28603761568082,"Post"
"128","F3D147","F3D145",0.184527922638117,"Post"
"129","F3D148","F3D145",0.201589136442233,"Post"
"130","F3D149","F3D145",0.285422629916597,"Post"
"131","F3D150","F3D145",0.315253281179927,"Post"
"138","F3D147","F3D146",0.260425232032048,"Post"
"139","F3D148","F3D146",0.243208313896441,"Post"
"140","F3D149","F3D146",0.244937046321934,"Post"
"141","F3D150","F3D146",0.252675704866129,"Post"
"149","F3D148","F3D147",0.159728890888439,"Post"
"150","F3D149","F3D147",0.247053276894455,"Post"
"151","F3D150","F3D147",0.311718177687521,"Post"
"160","F3D149","F3D148",0.183495022348639,"Post"
"161","F3D150","F3D148",0.289401953586422,"Post"
"171","F3D150","F3D149",0.195927633127085,"Post"
